France.csv
"month","cost","price","marketing.budget","catalog.pages","competitor.strength","demand","revenue","total.cost","profit"
1,5.3,9.4,16000,1,1,30238,284237,176261.4,107976
5,5.3,9.3,16000,1,1,31525,291922,183082.5,108840
7,5.3,9.7,16000,0.5,1,30802,300160,179250.6,120909
8,5.3,10.2,16000,1,0,30659,311372,178492.7,132879
16,5.3,9.5,16000,0.5,1,30333,289232,176764.9,112467
18,5.3,9.4,16000,0.5,0,31267,293263,181715.1,111548
27,5.3,9.4,16000,0.25,1,30777,290284,179118.1,111166
33,5.3,9,16000,0.25,0,31083,279720,180739.9,98980
34,5.3,8.9,16000,0.5,0,32340,289065,187402,101663
4,5.3,9.5,17000,0.25,1,31169,296279,182195.7,114084
9,5.3,10.4,17000,0.25,0,29712,307542,174473.6,133068
13,5.3,9.4,17000,0.25,1,31752,299510,185285.6,114225
14,5.3,9.5,17000,0.25,0,32194,305132,187628.2,117504
17,5.3,9.6,17000,2,0,32201,307816,187665.3,120151
21,5.3,9.4,17000,0.25,0,32011,299549,186658.3,112891
26,5.3,9.6,17000,1,2,31603,301967,184495.9,117471
28,5.3,8.9,17000,0.25,1,32007,284883,186637.1,98246
30,5.3,9.1,17000,0.5,0,32788,299673,190776.4,108897
31,5.3,8.9,17000,0.5,0,32565,290168,189594.5,100574
35,5.3,9.7,17000,0.25,0,31570,305881,184321,121560
